# shopping_list.txt
oranges
bananas
milk
bread
eggs
coffee
cheese
